



















































────────────────────────────────────────────────────────────────────────────────




















































────────────────────────────────────────────────────────────────────────────────




















































────────────────────────────────────────────────────────────────────────────────
> ./lnks.sh







































────────────────────────────────────────────────────────────────────────────────
╭───────────────────────────────────────────────────────────────────────────────────────────────────────╮
│ ╭───────────────────────────────────────────────────────────────────────────────────────────────────╮ │
│ │ https://github.com/hamvocke/lnks                                                                  │ │
│ ╰───────────────────────────────────────────────────────────────────────────────────────────────────╯ │
│                                                                                                       │
│                                                                                                       │
│                                                                                                       │
│                                                                                                       │
│                                                                                                       │
│                                                                                                       │
│                                                                                                       │
│                                                                                                       │
│                                                                                                       │
│                                                                                                       │
│                                                                                                       │
│                                                                                                       │
│                                                                                                       │
│                                                                                                       │
│                                                                                                       │
│                                                                                                       │
│                                                                                                       │
│                                                                                                       │
│                                                                                                       │
│                                                                                                       │
│                                                                                                       │
│                                                                                                       │
│                                                                                                       │
│                                                                                                       │
│                                                                                                       │
│                                                                                                       │
│                                                                                                       │
│   fzf Wiki                                                                                            │
│   fzf Git Repository                                                                                  │
│   GitHub                                                                                              │
│   Stack Overflow Admin Interface                                                                      │
│   Stack Overflow                                                                                      │
│ > lnks Git Repository                                                                                 │
│   6/6 ──────────────────────────────────────────────────────────────────────────────────────────────  │
│ Search Bookmarks >                                                                                    │
╰───────────────────────────────────────────────────────────────────────────────────────────────────────╯
────────────────────────────────────────────────────────────────────────────────
╭───────────────────────────────────────────────────────────────────────────────────────────────────────╮
│ ╭───────────────────────────────────────────────────────────────────────────────────────────────────╮ │
│ │ https://github.com                                                                                │ │
│ ╰───────────────────────────────────────────────────────────────────────────────────────────────────╯ │
│                                                                                                       │
│                                                                                                       │
│                                                                                                       │
│                                                                                                       │
│                                                                                                       │
│                                                                                                       │
│                                                                                                       │
│                                                                                                       │
│                                                                                                       │
│                                                                                                       │
│                                                                                                       │
│                                                                                                       │
│                                                                                                       │
│                                                                                                       │
│                                                                                                       │
│                                                                                                       │
│                                                                                                       │
│                                                                                                       │
│                                                                                                       │
│                                                                                                       │
│                                                                                                       │
│                                                                                                       │
│                                                                                                       │
│                                                                                                       │
│                                                                                                       │
│                                                                                                       │
│                                                                                                       │
│   fzf Wiki                                                                                            │
│   fzf Git Repository                                                                                  │
│ > GitHub                                                                                              │
│   Stack Overflow Admin Interface                                                                      │
│   Stack Overflow                                                                                      │
│   lnks Git Repository                                                                                 │
│   6/6 ──────────────────────────────────────────────────────────────────────────────────────────────  │
│ Search Bookmarks >                                                                                    │
╰───────────────────────────────────────────────────────────────────────────────────────────────────────╯
────────────────────────────────────────────────────────────────────────────────
╭───────────────────────────────────────────────────────────────────────────────────────────────────────╮
│ ╭───────────────────────────────────────────────────────────────────────────────────────────────────╮ │
│ │ https://stackoverflow.com                                                                         │ │
│ ╰───────────────────────────────────────────────────────────────────────────────────────────────────╯ │
│                                                                                                       │
│                                                                                                       │
│                                                                                                       │
│                                                                                                       │
│                                                                                                       │
│                                                                                                       │
│                                                                                                       │
│                                                                                                       │
│                                                                                                       │
│                                                                                                       │
│                                                                                                       │
│                                                                                                       │
│                                                                                                       │
│                                                                                                       │
│                                                                                                       │
│                                                                                                       │
│                                                                                                       │
│                                                                                                       │
│                                                                                                       │
│                                                                                                       │
│                                                                                                       │
│                                                                                                       │
│                                                                                                       │
│                                                                                                       │
│                                                                                                       │
│                                                                                                       │
│                                                                                                       │
│   fzf Wiki                                                                                            │
│   fzf Git Repository                                                                                  │
│   GitHub                                                                                              │
│   Stack Overflow Admin Interface                                                                      │
│ > Stack Overflow                                                                                      │
│   lnks Git Repository                                                                                 │
│   6/6 ──────────────────────────────────────────────────────────────────────────────────────────────  │
│ Search Bookmarks >                                                                                    │
╰───────────────────────────────────────────────────────────────────────────────────────────────────────╯
────────────────────────────────────────────────────────────────────────────────
╭───────────────────────────────────────────────────────────────────────────────────────────────────────╮
│ ╭───────────────────────────────────────────────────────────────────────────────────────────────────╮ │
│ │ https://stackoverflow.com/admin.php                                                               │ │
│ ╰───────────────────────────────────────────────────────────────────────────────────────────────────╯ │
│                                                                                                       │
│                                                                                                       │
│                                                                                                       │
│                                                                                                       │
│                                                                                                       │
│                                                                                                       │
│                                                                                                       │
│                                                                                                       │
│                                                                                                       │
│                                                                                                       │
│                                                                                                       │
│                                                                                                       │
│                                                                                                       │
│                                                                                                       │
│                                                                                                       │
│                                                                                                       │
│                                                                                                       │
│                                                                                                       │
│                                                                                                       │
│                                                                                                       │
│                                                                                                       │
│                                                                                                       │
│                                                                                                       │
│                                                                                                       │
│                                                                                                       │
│                                                                                                       │
│                                                                                                       │
│                                                                                                       │
│                                                                                                       │
│                                                                                                       │
│                                                                                                       │
│ > Stack Overflow Admin Interface                                                                      │
│   Stack Overflow                                                                                      │
│   2/6 ──────────────────────────────────────────────────────────────────────────────────────────────  │
│ Search Bookmarks > stack                                                                              │
╰───────────────────────────────────────────────────────────────────────────────────────────────────────╯
────────────────────────────────────────────────────────────────────────────────
╭───────────────────────────────────────────────────────────────────────────────────────────────────────╮
│ ╭───────────────────────────────────────────────────────────────────────────────────────────────────╮ │
│ │ https://stackoverflow.com                                                                         │ │
│ ╰───────────────────────────────────────────────────────────────────────────────────────────────────╯ │
│                                                                                                       │
│                                                                                                       │
│                                                                                                       │
│                                                                                                       │
│                                                                                                       │
│                                                                                                       │
│                                                                                                       │
│                                                                                                       │
│                                                                                                       │
│                                                                                                       │
│                                                                                                       │
│                                                                                                       │
│                                                                                                       │
│                                                                                                       │
│                                                                                                       │
│                                                                                                       │
│                                                                                                       │
│                                                                                                       │
│                                                                                                       │
│                                                                                                       │
│                                                                                                       │
│                                                                                                       │
│                                                                                                       │
│                                                                                                       │
│                                                                                                       │
│                                                                                                       │
│                                                                                                       │
│                                                                                                       │
│                                                                                                       │
│                                                                                                       │
│                                                                                                       │
│   Stack Overflow Admin Interface                                                                      │
│ > Stack Overflow                                                                                      │
│   2/6 ──────────────────────────────────────────────────────────────────────────────────────────────  │
│ Search Bookmarks > stack                                                                              │
╰───────────────────────────────────────────────────────────────────────────────────────────────────────╯
────────────────────────────────────────────────────────────────────────────────
╭───────────────────────────────────────────────────────────────────────────────────────────────────────╮
│ ╭───────────────────────────────────────────────────────────────────────────────────────────────────╮ │
│ │ https://stackoverflow.com/admin.php                                                               │ │
│ ╰───────────────────────────────────────────────────────────────────────────────────────────────────╯ │
│                                                                                                       │
│                                                                                                       │
│                                                                                                       │
│                                                                                                       │
│                                                                                                       │
│                                                                                                       │
│                                                                                                       │
│                                                                                                       │
│                                                                                                       │
│                                                                                                       │
│                                                                                                       │
│                                                                                                       │
│                                                                                                       │
│                                                                                                       │
│                                                                                                       │
│                                                                                                       │
│                                                                                                       │
│                                                                                                       │
│                                                                                                       │
│                                                                                                       │
│                                                                                                       │
│                                                                                                       │
│                                                                                                       │
│                                                                                                       │
│                                                                                                       │
│                                                                                                       │
│                                                                                                       │
│                                                                                                       │
│                                                                                                       │
│                                                                                                       │
│                                                                                                       │
│                                                                                                       │
│ > Stack Overflow Admin Interface                                                                      │
│   1/6 ──────────────────────────────────────────────────────────────────────────────────────────────  │
│ Search Bookmarks > stack admin                                                                        │
╰───────────────────────────────────────────────────────────────────────────────────────────────────────╯
────────────────────────────────────────────────────────────────────────────────
╭───────────────────────────────────────────────────────────────────────────────────────────────────────╮
│ ╭───────────────────────────────────────────────────────────────────────────────────────────────────╮ │
│ │ https://github.com/hamvocke/lnks                                                                  │ │
│ ╰───────────────────────────────────────────────────────────────────────────────────────────────────╯ │
│                                                                                                       │
│                                                                                                       │
│                                                                                                       │
│                                                                                                       │
│                                                                                                       │
│                                                                                                       │
│                                                                                                       │
│                                                                                                       │
│                                                                                                       │
│                                                                                                       │
│                                                                                                       │
│                                                                                                       │
│                                                                                                       │
│                                                                                                       │
│                                                                                                       │
│                                                                                                       │
│                                                                                                       │
│                                                                                                       │
│                                                                                                       │
│                                                                                                       │
│                                                                                                       │
│                                                                                                       │
│                                                                                                       │
│                                                                                                       │
│                                                                                                       │
│                                                                                                       │
│                                                                                                       │
│   fzf Wiki                                                                                            │
│   fzf Git Repository                                                                                  │
│   GitHub                                                                                              │
│   Stack Overflow Admin Interface                                                                      │
│   Stack Overflow                                                                                      │
│ > lnks Git Repository                                                                                 │
│   6/6 ──────────────────────────────────────────────────────────────────────────────────────────────  │
│ Search Bookmarks >                                                                                    │
╰───────────────────────────────────────────────────────────────────────────────────────────────────────╯
────────────────────────────────────────────────────────────────────────────────
╭───────────────────────────────────────────────────────────────────────────────────────────────────────╮
│ ╭───────────────────────────────────────────────────────────────────────────────────────────────────╮ │
│ │ https://github.com/hamvocke/lnks                                                                  │ │
│ ╰───────────────────────────────────────────────────────────────────────────────────────────────────╯ │
│                                                                                                       │
│                                                                                                       │
│                                                                                                       │
│                                                                                                       │
│                                                                                                       │
│                                                                                                       │
│                                                                                                       │
│                                                                                                       │
│                                                                                                       │
│                                                                                                       │
│                                                                                                       │
│                                                                                                       │
│                                                                                                       │
│                                                                                                       │
│                                                                                                       │
│                                                                                                       │
│                                                                                                       │
│                                                                                                       │
│                                                                                                       │
│                                                                                                       │
│                                                                                                       │
│                                                                                                       │
│                                                                                                       │
│                                                                                                       │
│                                                                                                       │
│                                                                                                       │
│                                                                                                       │
│   fzf Wiki                                                                                            │
│   fzf Git Repository                                                                                  │
│   GitHub                                                                                              │
│   Stack Overflow Admin Interface                                                                      │
│   Stack Overflow                                                                                      │
│ > lnks Git Repository                                                                                 │
│   6/6 ──────────────────────────────────────────────────────────────────────────────────────────────  │
│ Search Bookmarks >                                                                                    │
╰───────────────────────────────────────────────────────────────────────────────────────────────────────╯
────────────────────────────────────────────────────────────────────────────────
